     1                                  ; Ne propunem ca programul de mai jos sa citeasca de la tastatura un numar si sa afiseze pe ecran valoarea numarului citit impreuna cu un mesaj.
     2                                  bits 32
     3                                  global start        
     4                                  
     5                                  ; declararea functiilor externe folosite de program
     6                                  extern exit, printf, scanf  ; adaugam printf si scanf ca functii externe           
     7                                  import exit msvcrt.dll     
     8                                  import printf msvcrt.dll     ; indicam asamblorului ca functia printf se gaseste in libraria msvcrt.dll
     9                                  import scanf msvcrt.dll      ; similar pentru scanf
    10                                                            
    11                                  segment  data use32 class=data
    12 00000000 00<rept>                	text times 200 db 0      ; in aceasta variabila se va stoca valoarea citita de la tastatura
    13 000000C8 6E3D00                      message  db "n=", 0
    14 000000CB 257300                  	format db "%s", 0  ; %d <=> un numar decimal (baza 10)
    15 000000CE 416E61206172652025-         print_format db "Ana are %s mere", 0
    15 000000D7 73206D65726500     
    16                                      
    17                                  segment  code use32 class=code
    18                                      start:
    19                                                                                 
    20                                         
    21                                          ; vom apela printf(message) => se va afisa "n="
    22                                          ; punem parametrii pe stiva
    23 00000000 68[C8000000]                    push dword message ; ! pe stiva se pune adresa string-ului, nu valoarea
    24 00000005 FF15[00000000]                  call [printf]      ; apelam functia printf pentru afisare
    25 0000000B 83C404                          add esp, 4*1       ; eliberam parametrii de pe stiva ; 4 = dimensiunea unui dword; 1 = nr de parametri
    26                                                                                     
    27                                          ; vom apela scanf(format, n) => se va citi un numar in variabila n
    28                                          ; punem parametrii pe stiva de la dreapta la stanga
    29 0000000E 68[00000000]                    push dword text       ; ! adresa lui n, nu valoarea
    30 00000013 68[CB000000]                    push dword format
    31 00000018 FF15[00000000]                  call [scanf]       ; apelam functia scanf pentru citire
    32 0000001E 83C408                          add esp, 4 * 2     ; eliberam parametrii de pe stiva
    33                                                             ; 4 = dimensiunea unui dword; 2 = nr de parametri
    34                                                             
    35 00000021 68[00000000]                    push dword text
    36 00000026 68[CE000000]                    push dword print_format
    37 0000002B FF15[00000000]                  call [printf]
    38 00000031 83C408                          add esp, 4*2
    39                                          
    40                                          ; exit(0)
    41 00000034 6A00                            push  dword 0     ; punem pe stiva parametrul pentru exit
    42 00000036 FF15[00000000]                  call  [exit]       ; apelam exit pentru a incheia programul
